// Jest Snapshot v1, https://goo.gl/fbAQLP

exports[`Render TabsPage 1`] = `
<div
  className="movie-card__desc"
>
  <nav
    className="movie-nav movie-card__nav"
  >
    <ul
      className="movie-nav__list"
    />
  </nav>
  <div
    className="movie-rating"
  >
    <div
      className="movie-rating__score"
    >
      99
    </div>
    <p
      className="movie-rating__meta"
    >
      <span
        className="movie-rating__level"
      >
        Avesome
      </span>
      <span
        className="movie-rating__count"
      >
        240 ratings
      </span>
    </p>
  </div>
  <div
    className="movie-card__text"
  >
    <p>
      Some description
    </p>
    <p
      className="movie-card__director"
    >
      <strong>
        Director: 
        Director
      </strong>
    </p>
    <p
      className="movie-card__starring"
    >
      <strong>
        Starring: 
        Actor Actor
      </strong>
    </p>
  </div>
</div>
`;
